[91merror[0m: missing line break
    [94m-->[0m 1:14
     [94m|[0m
[94m   1 |[0m first = "Tom" last = "Preston-Werner" # INVALID
     [94m|[0m               [91m^ missing line break[0m
