[91merror[0m: Missing characters in literal, expected `false`
 [94m-->[0m 1:30
[94m   1 |[0m almost-false            = fals
     [94m|[0m                               [91m^ Missing characters[0m
