[91merror[0m: unexpected character `e` in float exponent
    [94m-->[0m 1:20
     [94m|[0m
[94m   1 |[0m exp-double-e-2 = 1e2e3
     [94m|[0m                     [91m^ unexpected character in float exponent[0m
