[91merror[0m: Float fractional part cannot end with `_`
    [94m-->[0m 1:23
     [94m|[0m
[94m   1 |[0m exp-trailing-us-2 = 1.2_e2
     [94m|[0m                        [91m^ Float fractional part cannot end with `_`[0m
