[91merror[0m: invalid leading `0` in number
    [94m-->[0m 1:21
     [94m|[0m
[94m   1 |[0m leading-zero-plus = +03.14
     [94m|[0m                      [91m^ invalid leading `0`[0m
