[91merror[0m: missing characters in literal, expected `false`
    [94m-->[0m 1:30
     [94m|[0m
[94m   1 |[0m almost-false            = fals
     [94m|[0m                               [91m^ missing characters[0m
