[91merror[0m: unterminated multi-line basic string, missing `"""`
    [94m-->[0m 1:2
     [94m|[0m
[94m   1 |[0m x="""
     [94m|[0m   [91m^^^ unterminated string[0m
