[91merror[0m: unterminated basic string, missing `"`
    [94m-->[0m 1:19
     [94m|[0m
[94m   1 |[0m bad-ending-quote = "double and single'
     [94m|[0m                    [91m^^^^^^^^^^^^^^^^^^^ unterminated string[0m
