[91merror[0m: Invalid character `"` in unicode escape sequence, valid characters are: `a-f`, `A-F` and `0-9`
 [94m-->[0m 1:29
[94m   1 |[0m bad-uni-esc-3 = "val\U0000000"
     [94m|[0m                              [91m^ Invalid unicode escape character[0m
