[91merror[0m: expected a key, found `[`
    [94m-->[0m 1:15
     [94m|[0m
[94m   1 |[0m tbl = { a = 1, [b] }
     [94m|[0m                [91m^ expected a key[0m
