[91merror[0m: expected a key, found `,`
    [94m-->[0m 1:9
     [94m|[0m
[94m   1 |[0m t = {x=3,,y=4}
     [94m|[0m          [91m^ expected a key[0m
