[91merror[0m: Duplicate key `a.b`
 [94m-->[0m 2:8
[94m   2 |[0m a={b=1, b=2}
     [94m|[0m    [94m^ Original key defined here[0m
[94m   2 |[0m a={b=1, b=2}
     [94m|[0m         [91m^ Duplicate key[0m
