[91merror[0m: duplicate key `a`
    [94m-->[0m 3:0
     [94m|[0m
[94m   1 |[0m a.b=0
     [94m|[0m [94m- original key defined here[0m
[94m   3 |[0m a={}
     [94m|[0m [91m^ duplicate key[0m
