[91merror[0m: Trailing commas aren't permitted in inline tables
 [94m-->[0m 3:17
[94m   3 |[0m abc = { abc = 123, }
     [94m|[0m                  [91m^ Trailing comma[0m
