[91merror[0m: Invalid leading `0` in number
    [94m-->[0m 1:23
     [94m|[0m
[94m   1 |[0m leading-zero-sign-1 = -01
     [94m|[0m                        [91m^ Invalid leading `0`[0m
