[91merror[0m: Signs are not permitted for binary, octal, and hexadecimal integers
 [94m-->[0m 1:15
[94m   1 |[0m positive-hex = +0xff
     [94m|[0m                [91m^ Sign not allowed[0m
