[91merror[0m: Expected `]`, found `\n`
    [94m-->[0m 1:26
     [94m|[0m
[94m   1 |[0m [[closing-bracket.missing]
     [94m|[0m [94m- Left `[` defined here[0m
[94m   1 |[0m [[closing-bracket.missing]
     [94m|[0m                           [91m^ Expected `]`[0m
