[91merror[0m: expected `}`, found `\n`
    [94m-->[0m 1:24
     [94m|[0m
[94m   1 |[0m no-close-4 = [{ key = 42
     [94m|[0m               [94m- left `{` defined here[0m
[94m   1 |[0m no-close-4 = [{ key = 42
     [94m|[0m                         [91m^ expected `}`[0m
[91merror[0m: expected `]`, found `EOF`
    [94m-->[0m 1:24
     [94m|[0m
[94m   1 |[0m no-close-4 = [{ key = 42
     [94m|[0m              [94m- left `[` defined here[0m
[94m   1 |[0m no-close-4 = [{ key = 42
     [94m|[0m                         [91m^ expected `]`[0m
