[91merror[0m: Expected a value, found `,`
    [94m-->[0m 1:16
     [94m|[0m
[94m   1 |[0m only-comma-1 = [,]
     [94m|[0m                 [91m^ Expected a value[0m
