[91merror[0m: Missing comma (`,`)
 [94m-->[0m 1:16
[94m   1 |[0m no-comma-2 = [ 1 2 3 ]
     [94m|[0m                 [91m^ Missing comma (`,`)[0m
[91merror[0m: Missing comma (`,`)
 [94m-->[0m 1:18
[94m   1 |[0m no-comma-2 = [ 1 2 3 ]
     [94m|[0m                   [91m^ Missing comma (`,`)[0m
