[91merror[0m: Expected `}`, found `#}]`
 [94m-->[0m 1:25
[94m   1 |[0m no-close-6 = [{ key = 42 #}]
     [94m|[0m               [94m^ Left `{` defined here[0m
[94m   1 |[0m no-close-6 = [{ key = 42 #}]
     [94m|[0m                          [91m^^^ Expected `}`[0m
[91merror[0m: Expected `]`, found `EOF`
 [94m-->[0m 1:28
[94m   1 |[0m no-close-6 = [{ key = 42 #}]
     [94m|[0m              [94m^ Left `[` defined here[0m
[94m   1 |[0m no-close-6 = [{ key = 42 #}]
     [94m|[0m                             [91m^ Expected `]`[0m
