[91merror[0m: Expected `]`, found `EOF`
 [94m-->[0m 1:19
[94m   1 |[0m no-close-3 = [42 #]
     [94m|[0m              [94m^ Left `[` defined here[0m
[94m   1 |[0m no-close-3 = [42 #]
     [94m|[0m                    [91m^ Expected `]`[0m
