[91merror[0m: Cannot extend inline array `fruit`
 [94m-->[0m 4:2
[94m   2 |[0m fruit = []
     [94m|[0m [94m^^^^^^^^^^ Original array defined here[0m
[94m   4 |[0m [[fruit]] # Not allowed
     [94m|[0m   [91m^^^^^ Cannot extend inline array[0m
