[91merror[0m: date-time minute `60` out of range, the valid range is `0..=59`
    [94m-->[0m 2:7
     [94m|[0m
[94m   2 |[0m d = 00:60:00
     [94m|[0m        [91m^^ minute out of range[0m
