[91merror[0m: date-time day `32` out of range, the valid range is `1..=31`
    [94m-->[0m 3:12
     [94m|[0m
[94m   3 |[0m d = 2006-01-32
     [94m|[0m             [91m^^ day out of range[0m
