[91merror[0m: invalid character `\r` in string
    [94m-->[0m 1:19
     [94m|[0m
[94m   1 |[0m string-cr   = "null"
     [94m|[0m                    [91m^ invalid character[0m
