[91merror[0m: invalid character `\b` in string
    [94m-->[0m 1:24
     [94m|[0m
[94m   1 |[0m string-bs   = "backspace"
     [94m|[0m                         [91m^ invalid character[0m
