[91merror[0m: date-time month `13` out of range, the valid range is `1..=12`
    [94m-->[0m 2:9
     [94m|[0m
[94m   2 |[0m d = 2006-13-01T00:00:00-00:00
     [94m|[0m          [91m^^ month out of range[0m
