[91merror[0m: Expected `]`, found `=`
 [94m-->[0m 2:5
[94m   2 |[0m [xyz = 5
     [94m|[0m [94m^ Left `[` defined here[0m
[94m   2 |[0m [xyz = 5
     [94m|[0m      [91m^ Expected `]`[0m
[91merror[0m: Unexpected characters, expected a line break
 [94m-->[0m 2:5
[94m   2 |[0m [xyz = 5
     [94m|[0m      [91m^^^ Unexpected characters, Expected a line break[0m
