[91merror[0m: Duplicate key `apple` in table `fruit`
 [94m-->[0m 4:8
[94m   2 |[0m apple.color = "red"
     [94m|[0m [94m^^^^^ Original key defined here[0m
[94m   4 |[0m [[fruit.apple]]
     [94m|[0m         [91m^^^^^ Duplicate key[0m
