[91merror[0m: Duplicate key `b` in table `a`
 [94m-->[0m 5:3
[94m   3 |[0m b = 1
     [94m|[0m [94m^ Original key defined here[0m
[94m   5 |[0m [a.b]
     [94m|[0m    [91m^ Duplicate key[0m
